// Vitest Snapshot v1, https://vitest.dev/guide/snapshot.html

exports[`processValidationResult > given errors returns unsuccessfully 1`] = `
{
  "resultText": "Validated https://thankful-sky-0bfc7e803-804.westeurope.1.azurestaticapps.net/ and failed with 1 errors and 0 warnings
For more details see https://validator.schema.org/#url=https%3A%2F%2Fthankful-sky-0bfc7e803-804.westeurope.1.azurestaticapps.net%2F
",
  "success": false,
}
`;

exports[`processValidationResult > given no structured data returns unsuccessfully 1`] = `
{
  "resultText": "Validated https://news.ycombinator.com/ and found no structured data
For more details see https://validator.schema.org/#url=https%3A%2F%2Fnews.ycombinator.com%2F
",
  "success": false,
}
`;

exports[`processValidationResult > given valid schema without errors / warnings returns successfully 1`] = `
{
  "resultText": "https://deploy-preview-9669--docusaurus-2.netlify.app/blog/releases/2.4/ has structured data of these types:
 - BlogPosting

For more details see https://validator.schema.org/#url=https%3A%2F%2Fdeploy-preview-9669--docusaurus-2.netlify.app%2Fblog%2Freleases%2F2.4%2F
",
  "success": true,
}
`;

exports[`processValidationResult > given warnings returns unsuccessfully 1`] = `
{
  "resultText": "Validated https://deploy-preview-9669--docusaurus-2.netlify.app/blog/releases/2.4/ and failed with 0 errors and 1 warnings
For more details see https://validator.schema.org/#url=https%3A%2F%2Fdeploy-preview-9669--docusaurus-2.netlify.app%2Fblog%2Freleases%2F2.4%2F
",
  "success": false,
}
`;
